C:\javascript-projects\nodejs-web-server> npm init --y
Wrote to C:\javascript-projects\nodejs-web-server\package.json:

{
  "name": "nodejs-web-server",
  "version": "1.0.0",
  "description": "",
  "main": "index.js",
  "scripts": {
    "test": "echo \"Error: no test specified\" && exit 1"
  },
  "keywords": [],
  "author": "",
  "license": "ISC"
}

###

CATATAN:
--y pada akhir perintah tersebut berfungsi untuk menjawab seluruh pertanyaan yang diberikan NPM ketika membuat proyek baru dengan jawaban/nilai default.

###

C:\javascript-projects\nodejs-web-server>npm run start

> nodejs-web-server@1.0.0 start
> node server.js

Halo, kita akan belajar membuat server

C:\javascript-projects\nodejs-web-server>npm run start

> nodejs-web-server@1.0.0 start
> node server.js

Server berjalan pada http://localhost:5000

### Membuat HTTP Server

C:\javascript-projects\nodejs-web-server>curl -X GET http://localhost:5000/
<h1>Halo HTTP Server!</h1>

### Method/Verb Request

C:\javascript-projects\nodejs-web-server>curl -X POST http://localhost:5000
<h1>Halo HTTP Server!</h1>
C:\javascript-projects\nodejs-web-server>curl -X PUT http://localhost:5000
<h1>Halo HTTP Server!</h1>
C:\javascript-projects\nodejs-web-server>curl -X DELETE http://localhost:5000
<h1>Halo HTTP Server!</h1>
C:\javascript-projects\nodejs-web-server>curl -X GET http://localhost:5000
<h1>Halo HTTP Server!</h1>

### Method/Verb Request

C:\javascript-projects\nodejs-web-server>curl -X GET http://localhost:5000
<h1>Hello!</h1>
C:\javascript-projects\nodejs-web-server>curl -X POST http://localhost:5000   
<h1>Hai!</h1>
C:\javascript-projects\nodejs-web-server>curl -X PUT http://localhost:5000    
<h1>Bonjour!</h1>
C:\javascript-projects\nodejs-web-server>curl -X DELETE http://localhost:5000
<h1>Salam!</h1>

### BODY REQUEST

C:\javascript-projects\nodejs-web-server>curl -X POST -H "Content-Type: application/json" http://localhost:5000 -d "{\"name\": \"Dicoding\"}"
<h1>Hai, {"name": "Dicoding"}!</h1>

### BODY REQUEST

C:\javascript-projects\nodejs-web-server>curl -X POST -H "Content-Type: application/json" http://localhost:5000 -d "{\"name\": \"Dicoding\"}"
<h1>Hai, Dicoding!</h1>
C:\javascript-projects\nodejs-web-server>curl -X POST -H "Content-Type: application/json" http://localhost:5000 -d "{\"name\": \"Dimas\"}"
<h1>Hai, Dimas!</h1>

### ROUTING REQUEST

C:\javascript-projects\nodejs-web-server>curl -X GET http://localhost:5000/home
<h1>Halaman tidak ditemukan!</h1>
C:\javascript-projects\nodejs-web-server>curl -X GET http://localhost:5000/hello
<h1>Halaman tidak ditemukan!</h1>
C:\javascript-projects\nodejs-web-server>curl -X GET http://localhost:5000/test
<h1>Halaman tidak ditemukan!</h1>

### ROUTING REQUEST

C:\javascript-projects\nodejs-web-server>curl -X GET http://localhost:5000
<h1>Ini adalah homepage</h1>
C:\javascript-projects\nodejs-web-server>curl -X POST http://localhost:5000
<h1>Halaman tidak dapat diakses dengan POST request</h1>
C:\javascript-projects\nodejs-web-server>curl -X DELETE http://localhost:5000
<h1>Halaman tidak dapat diakses dengan DELETE request</h1>

### ROUTING REQUEST

C:\javascript-projects\nodejs-web-server>curl -X GET http://localhost:5000/about
<h1>Halo! Ini adalah halaman about</h1>
C:\javascript-projects\nodejs-web-server>curl -X POST -H "Content-Type: application/json" http://localhost:5000/about -d "{\"name\": \"Dicoding\"}"
<h1>Halo, Dicoding! Ini adalah halaman about</h1>
C:\javascript-projects\nodejs-web-server>curl -X PUT http://localhost:5000/about
Halaman tidak dapat diakses menggunakan PUT request
C:\javascript-projects\nodejs-web-server>curl -X DELETE http://localhost:5000/about
Halaman tidak dapat diakses menggunakan DELETE request

### RESPONSE STATUS

C:\javascript-projects\nodejs-web-server>curl -X GET http://localhost:5000/about -i
HTTP/1.1 200 OK
Content-Type: text/html
Date: Mon, 10 Jun 2024 08:55:46 GMT
Connection: keep-alive
Keep-Alive: timeout=5
Content-Length: 39

<h1>Halo! Ini adalah halaman about</h1>
C:\javascript-projects\nodejs-web-server>curl -X GET http://localhost:5000/test -i
HTTP/1.1 200 OK
Content-Type: text/html
Date: Mon, 10 Jun 2024 08:56:04 GMT
Connection: keep-alive
Keep-Alive: timeout=5
Content-Length: 33

<h1>Halaman tidak ditemukan!</h1>  
C:\javascript-projects\nodejs-web-server>curl -X DELETE http://localhost:5000/ -i
HTTP/1.1 200 OK
Content-Type: text/html
Date: Mon, 10 Jun 2024 08:56:23 GMT
Connection: keep-alive
Keep-Alive: timeout=5
Content-Length: 58

<h1>Halaman tidak dapat diakses dengan DELETE request</h1>

### RESPONSE STATUS

C:\javascript-projects\nodejs-web-server>curl -X GET http://localhost:5000/about -i
HTTP/1.1 200 OK
Content-Type: text/html
Date: Mon, 10 Jun 2024 09:11:04 GMT
Connection: keep-alive
Keep-Alive: timeout=5
Content-Length: 39

<h1>Halo! Ini adalah halaman about</h1>
C:\javascript-projects\nodejs-web-server>curl -X GET http://localhost:5000/test -i
HTTP/1.1 404 Not Found
Content-Type: text/html
Date: Mon, 10 Jun 2024 09:11:53 GMT
Connection: keep-alive
Keep-Alive: timeout=5
Content-Length: 33

<h1>Halaman tidak ditemukan!</h1>  
C:\javascript-projects\nodejs-web-server>curl -X DELETE http://localhost:5000/ -i
HTTP/1.1 400 Bad Request
Content-Type: text/html
Date: Mon, 10 Jun 2024 09:12:07 GMT
Connection: keep-alive
Keep-Alive: timeout=5
Content-Length: 58

<h1>Halaman tidak dapat diakses dengan DELETE request</h1>

### RESPONSE HEADER

C:\javascript-projects\nodejs-web-server>curl -X GET http://localhost:5000 -i
HTTP/1.1 200 OK
Content-Type: application/json
Powered-By: Node.js
Date: Mon, 10 Jun 2024 13:30:28 GMT
Connection: keep-alive
Keep-Alive: timeout=5
Content-Length: 28

<h1>Ini adalah homepage</h1>

###